<?xml version="1.0" encoding="UTF-8"?>
<testsuites>
  <testsuite name="C:\Users\Borgo\workspace-php\php-hello-cloudrun\phpunit.xml" tests="1" assertions="1" errors="0" failures="0" skipped="0" time="0.000500">
    <testsuite name="all" tests="1" assertions="1" errors="0" failures="0" skipped="0" time="0.000500">
      <testsuite name="DatabaseTest" file="C:\Users\Borgo\workspace-php\php-hello-cloudrun\tests\DatabaseTest.php" tests="1" assertions="1" errors="0" failures="0" skipped="0" time="0.000500">
        <testcase name="testConMySQL" file="C:\Users\Borgo\workspace-php\php-hello-cloudrun\tests\DatabaseTest.php" line="13" class="DatabaseTest" classname="DatabaseTest" assertions="1" time="0.000500"/>
      </testsuite>
    </testsuite>
  </testsuite>
</testsuites>
